// Jest Snapshot v1, https://goo.gl/fbAQLP

exports[`Layout renders correctly 1`] = `
Array [
  .emotion-0 {
  background: rebeccapurple;
  margin-bottom: 1.45rem;
}

.emotion-0 > div {
  margin: 0 auto;
  max-width: 960px;
  padding: 1.45rem 1.0875rem;
}

.emotion-0 h1 {
  margin: 0;
}

.emotion-0 a {
  color: #fff;
  -webkit-text-decoration: none;
  text-decoration: none;
}

<header
    className="emotion-0"
  >
    <div>
      <h1>
        <a
          href="/"
        >
          Title
        </a>
      </h1>
    </div>
  </header>,
  .emotion-0 {
  margin: 0 auto;
  max-width: 960px;
  padding: 0px 1.0875rem 1.45rem;
  padding-top: 0;
}

<div
    className="emotion-0"
  >
    <main />
    <footer>
      Â© 
      2019
      , Built with
       
      <a
        href="https://www.gatsbyjs.org"
      >
        Gatsby
      </a>
    </footer>
  </div>,
]
`;
